Archive member included to satisfy reference by file (symbol)

E:/3rd_Year/MAD/STM32CubeIDE_2.2.0/STM32CubeIDE/plugins/com.st.stm32cube.ide.mcu.externaltools.gnu-tools-for-stm32.14.3.rel1.win32_1.0.100.202602081740/tools/bin/../lib/gcc/arm-none-eabi/14.3.1/../../../../arm-none-eabi/lib/thumb/v7e-m+dp/hard\libc_nano.a(libc_a-exit.o)
                              E:/3rd_Year/MAD/STM32CubeIDE_2.2.0/STM32CubeIDE/plugins/com.st.stm32cube.ide.mcu.externaltools.gnu-tools-for-stm32.14.3.rel1.win32_1.0.100.202602081740/tools/bin/../lib/gcc/arm-none-eabi/14.3.1/../../../../arm-none-eabi/lib/thumb/v7e-m+dp/hard/crt0.o (exit)
E:/3rd_Year/MAD/STM32CubeIDE_2.2.0/STM32CubeIDE/plugins/com.st.stm32cube.ide.mcu.externaltools.gnu-tools-for-stm32.14.3.rel1.win32_1.0.100.202602081740/tools/bin/../lib/gcc/arm-none-eabi/14.3.1/../../../../arm-none-eabi/lib/thumb/v7e-m+dp/hard\libc_nano.a(libc_a-findfp.o)
                              E:/3rd_Year/MAD/STM32CubeIDE_2.2.0/STM32CubeIDE/plugins/com.st.stm32cube.ide.mcu.externaltools.gnu-tools-for-stm32.14.3.rel1.win32_1.0.100.202602081740/tools/bin/../lib/gcc/arm-none-eabi/14.3.1/../../../../arm-none-eabi/lib/thumb/v7e-m+dp/hard\libc_nano.a(libc_a-exit.o) (__stdio_exit_handler)
E:/3rd_Year/MAD/STM32CubeIDE_2.2.0/STM32CubeIDE/plugins/com.st.stm32cube.ide.mcu.externaltools.gnu-tools-for-stm32.14.3.rel1.win32_1.0.100.202602081740/tools/bin/../lib/gcc/arm-none-eabi/14.3.1/../../../../arm-none-eabi/lib/thumb/v7e-m+dp/hard\libc_nano.a(libc_a-fwalk.o)
                              E:/3rd_Year/MAD/STM32CubeIDE_2.2.0/STM32CubeIDE/plugins/com.st.stm32cube.ide.mcu.externaltools.gnu-tools-for-stm32.14.3.rel1.win32_1.0.100.202602081740/tools/bin/../lib/gcc/arm-none-eabi/14.3.1/../../../../arm-none-eabi/lib/thumb/v7e-m+dp/hard\libc_nano.a(libc_a-findfp.o) (_fwalk_sglue)
E:/3rd_Year/MAD/STM32CubeIDE_2.2.0/STM32CubeIDE/plugins/com.st.stm32cube.ide.mcu.externaltools.gnu-tools-for-stm32.14.3.rel1.win32_1.0.100.202602081740/tools/bin/../lib/gcc/arm-none-eabi/14.3.1/../../../../arm-none-eabi/lib/thumb/v7e-m+dp/hard\libc_nano.a(libc_a-stdio.o)
                              E:/3rd_Year/MAD/STM32CubeIDE_2.2.0/STM32CubeIDE/plugins/com.st.stm32cube.ide.mcu.externaltools.gnu-tools-for-stm32.14.3.rel1.win32_1.0.100.202602081740/tools/bin/../lib/gcc/arm-none-eabi/14.3.1/../../../../arm-none-eabi/lib/thumb/v7e-m+dp/hard\libc_nano.a(libc_a-findfp.o) (__sread)
E:/3rd_Year/MAD/STM32CubeIDE_2.2.0/STM32CubeIDE/plugins/com.st.stm32cube.ide.mcu.externaltools.gnu-tools-for-stm32.14.3.rel1.win32_1.0.100.202602081740/tools/bin/../lib/gcc/arm-none-eabi/14.3.1/../../../../arm-none-eabi/lib/thumb/v7e-m+dp/hard\libc_nano.a(libc_a-memset.o)
                              E:/3rd_Year/MAD/STM32CubeIDE_2.2.0/STM32CubeIDE/plugins/com.st.stm32cube.ide.mcu.externaltools.gnu-tools-for-stm32.14.3.rel1.win32_1.0.100.202602081740/tools/bin/../lib/gcc/arm-none-eabi/14.3.1/../../../../arm-none-eabi/lib/thumb/v7e-m+dp/hard/crt0.o (memset)
E:/3rd_Year/MAD/STM32CubeIDE_2.2.0/STM32CubeIDE/plugins/com.st.stm32cube.ide.mcu.externaltools.gnu-tools-for-stm32.14.3.rel1.win32_1.0.100.202602081740/tools/bin/../lib/gcc/arm-none-eabi/14.3.1/../../../../arm-none-eabi/lib/thumb/v7e-m+dp/hard\libc_nano.a(libc_a-closer.o)
                              E:/3rd_Year/MAD/STM32CubeIDE_2.2.0/STM32CubeIDE/plugins/com.st.stm32cube.ide.mcu.externaltools.gnu-tools-for-stm32.14.3.rel1.win32_1.0.100.202602081740/tools/bin/../lib/gcc/arm-none-eabi/14.3.1/../../../../arm-none-eabi/lib/thumb/v7e-m+dp/hard\libc_nano.a(libc_a-stdio.o) (_close_r)
E:/3rd_Year/MAD/STM32CubeIDE_2.2.0/STM32CubeIDE/plugins/com.st.stm32cube.ide.mcu.externaltools.gnu-tools-for-stm32.14.3.rel1.win32_1.0.100.202602081740/tools/bin/../lib/gcc/arm-none-eabi/14.3.1/../../../../arm-none-eabi/lib/thumb/v7e-m+dp/hard\libc_nano.a(libc_a-reent.o)
                              E:/3rd_Year/MAD/STM32CubeIDE_2.2.0/STM32CubeIDE/plugins/com.st.stm32cube.ide.mcu.externaltools.gnu-tools-for-stm32.14.3.rel1.win32_1.0.100.202602081740/tools/bin/../lib/gcc/arm-none-eabi/14.3.1/../../../../arm-none-eabi/lib/thumb/v7e-m+dp/hard\libc_nano.a(libc_a-closer.o) (errno)
E:/3rd_Year/MAD/STM32CubeIDE_2.2.0/STM32CubeIDE/plugins/com.st.stm32cube.ide.mcu.externaltools.gnu-tools-for-stm32.14.3.rel1.win32_1.0.100.202602081740/tools/bin/../lib/gcc/arm-none-eabi/14.3.1/../../../../arm-none-eabi/lib/thumb/v7e-m+dp/hard\libc_nano.a(libc_a-impure.o)
                              E:/3rd_Year/MAD/STM32CubeIDE_2.2.0/STM32CubeIDE/plugins/com.st.stm32cube.ide.mcu.externaltools.gnu-tools-for-stm32.14.3.rel1.win32_1.0.100.202602081740/tools/bin/../lib/gcc/arm-none-eabi/14.3.1/../../../../arm-none-eabi/lib/thumb/v7e-m+dp/hard\libc_nano.a(libc_a-reent.o) (_impure_ptr)
E:/3rd_Year/MAD/STM32CubeIDE_2.2.0/STM32CubeIDE/plugins/com.st.stm32cube.ide.mcu.externaltools.gnu-tools-for-stm32.14.3.rel1.win32_1.0.100.202602081740/tools/bin/../lib/gcc/arm-none-eabi/14.3.1/../../../../arm-none-eabi/lib/thumb/v7e-m+dp/hard\libc_nano.a(libc_a-lseekr.o)
[...]
Memory Configuration

Name             Origin             Length             Attributes
RAM              0x20000000         0x00080000         xrw
FLASH            0x08000000         0x00200000         xr
*default*        0x00000000         0xffffffff

Linker script and memory map

LOAD E:/3rd_Year/MAD/STM32CubeIDE_2.2.0/STM32CubeIDE/plugins/com.st.stm32cube.ide.mcu.externaltools.gnu-tools-for-stm32.14.3.rel1.win32_1.0.100.202602081740/tools/bin/../lib/gcc/arm-none-eabi/14.3.1/thumb/v7e-m+dp/hard/crti.o
LOAD E:/3rd_Year/MAD/STM32CubeIDE_2.2.0/STM32CubeIDE/plugins/com.st.stm32cube.ide.mcu.externaltools.gnu-tools-for-stm32.14.3.rel1.win32_1.0.100.202602081740/tools/bin/../lib/gcc/arm-none-eabi/14.3.1/thumb/v7e-m+dp/hard/crtbegin.o
LOAD E:/3rd_Year/MAD/STM32CubeIDE_2.2.0/STM32CubeIDE/plugins/com.st.stm32cube.ide.mcu.externaltools.gnu-tools-for-stm32.14.3.rel1.win32_1.0.100.202602081740/tools/bin/../lib/gcc/arm-none-eabi/14.3.1/../../../../arm-none-eabi/lib/thumb/v7e-m+dp/hard/crt0.o
LOAD ./Core/Src/adc.o
LOAD ./Core/Src/dma.o
LOAD ./Core/Src/gpio.o
LOAD ./Core/Src/main.o
LOAD ./Core/Src/stm32f7xx_hal_msp.o
LOAD ./Core/Src/stm32f7xx_it.o
LOAD ./Core/Src/syscalls.o
LOAD ./Core/Src/sysmem.o
LOAD ./Core/Src/system_stm32f7xx.o
LOAD ./Core/Src/tim.o
LOAD ./Core/Startup/startup_stm32f767zitx.o
LOAD ./Drivers/STM32F7xx_HAL_Driver/Src/stm32f7xx_hal.o
LOAD ./Drivers/STM32F7xx_HAL_Driver/Src/stm32f7xx_hal_adc.o
LOAD ./Drivers/STM32F7xx_HAL_Driver/Src/stm32f7xx_hal_adc_ex.o
LOAD ./Drivers/STM32F7xx_HAL_Driver/Src/stm32f7xx_hal_cortex.o
LOAD ./Drivers/STM32F7xx_HAL_Driver/Src/stm32f7xx_hal_dma.o
LOAD ./Drivers/STM32F7xx_HAL_Driver/Src/stm32f7xx_hal_dma_ex.o
LOAD ./Drivers/STM32F7xx_HAL_Driver/Src/stm32f7xx_hal_exti.o
LOAD ./Drivers/STM32F7xx_HAL_Driver/Src/stm32f7xx_hal_flash.o
LOAD ./Drivers/STM32F7xx_HAL_Driver/Src/stm32f7xx_hal_flash_ex.o
LOAD ./Drivers/STM32F7xx_HAL_Driver/Src/stm32f7xx_hal_gpio.o
LOAD ./Drivers/STM32F7xx_HAL_Driver/Src/stm32f7xx_hal_i2c.o
LOAD ./Drivers/STM32F7xx_HAL_Driver/Src/stm32f7xx_hal_i2c_ex.o
LOAD ./Drivers/STM32F7xx_HAL_Driver/Src/stm32f7xx_hal_pwr.o
LOAD ./Drivers/STM32F7xx_HAL_Driver/Src/stm32f7xx_hal_pwr_ex.o
LOAD ./Drivers/STM32F7xx_HAL_Driver/Src/stm32f7xx_hal_rcc.o
LOAD ./Drivers/STM32F7xx_HAL_Driver/Src/stm32f7xx_hal_rcc_ex.o
LOAD ./Drivers/STM32F7xx_HAL_Driver/Src/stm32f7xx_hal_tim.o
LOAD ./Drivers/STM32F7xx_HAL_Driver/Src/stm32f7xx_hal_tim_ex.o
START GROUP
LOAD E:/3rd_Year/MAD/STM32CubeIDE_2.2.0/STM32CubeIDE/plugins/com.st.stm32cube.ide.mcu.externaltools.gnu-tools-for-stm32.14.3.rel1.win32_1.0.100.202602081740/tools/bin/../lib/gcc/arm-none-eabi/14.3.1/../../../../arm-none-eabi/lib/thumb/v7e-m+dp/hard\libc_nano.a
LOAD E:/3rd_Year/MAD/STM32CubeIDE_2.2.0/STM32CubeIDE/plugins/com.st.stm32cube.ide.mcu.externaltools.gnu-tools-for-stm32.14.3.rel1.win32_1.0.100.202602081740/tools/bin/../lib/gcc/arm-none-eabi/14.3.1/../../../../arm-none-eabi/lib/thumb/v7e-m+dp/hard\libm.a
END GROUP
START GROUP
LOAD E:/3rd_Year/MAD/STM32CubeIDE_2.2.0/STM32CubeIDE/plugins/com.st.stm32cube.ide.mcu.externaltools.gnu-tools-for-stm32.14.3.rel1.win32_1.0.100.202602081740/tools/bin/../lib/gcc/arm-none-eabi/14.3.1/thumb/v7e-m+dp/hard\libgcc.a
LOAD E:/3rd_Year/MAD/STM32CubeIDE_2.2.0/STM32CubeIDE/plugins/com.st.stm32cube.ide.mcu.externaltools.gnu-tools-for-stm32.14.3.rel1.win32_1.0.100.202602081740/tools/bin/../lib/gcc/arm-none-eabi/14.3.1/../../../../arm-none-eabi/lib/thumb/v7e-m+dp/hard\libc_nano.a
END GROUP
START GROUP
LOAD E:/3rd_Year/MAD/STM32CubeIDE_2.2.0/STM32CubeIDE/plugins/com.st.stm32cube.ide.mcu.externaltools.gnu-tools-for-stm32.14.3.rel1.win32_1.0.100.202602081740/tools/bin/../lib/gcc/arm-none-eabi/14.3.1/thumb/v7e-m+dp/hard\libgcc.a
LOAD E:/3rd_Year/MAD/STM32CubeIDE_2.2.0/STM32CubeIDE/plugins/com.st.stm32cube.ide.mcu.externaltools.gnu-tools-for-stm32.14.3.rel1.win32_1.0.100.202602081740/tools/bin/../lib/gcc/arm-none-eabi/14.3.1/../../../../arm-none-eabi/lib/thumb/v7e-m+dp/hard\libc_nano.a
LOAD E:/3rd_Year/MAD/STM32CubeIDE_2.2.0/STM32CubeIDE/plugins/com.st.stm32cube.ide.mcu.externaltools.gnu-tools-for-stm32.14.3.rel1.win32_1.0.100.202602081740/tools/bin/../lib/gcc/arm-none-eabi/14.3.1/../../../../arm-none-eabi/lib/thumb/v7e-m+dp/hard\libnosys.a
END GROUP
START GROUP
LOAD E:/3rd_Year/MAD/STM32CubeIDE_2.2.0/STM32CubeIDE/plugins/com.st.stm32cube.ide.mcu.externaltools.gnu-tools-for-stm32.14.3.rel1.win32_1.0.100.202602081740/tools/bin/../lib/gcc/arm-none-eabi/14.3.1/thumb/v7e-m+dp/hard\libgcc.a
LOAD E:/3rd_Year/MAD/STM32CubeIDE_2.2.0/STM32CubeIDE/plugins/com.st.stm32cube.ide.mcu.externaltools.gnu-tools-for-stm32.14.3.rel1.win32_1.0.100.202602081740/tools/bin/../lib/gcc/arm-none-eabi/14.3.1/../../../../arm-none-eabi/lib/thumb/v7e-m+dp/hard\libc_nano.a
LOAD E:/3rd_Year/MAD/STM32CubeIDE_2.2.0/STM32CubeIDE/plugins/com.st.stm32cube.ide.mcu.externaltools.gnu-tools-for-stm32.14.3.rel1.win32_1.0.100.202602081740/tools/bin/../lib/gcc/arm-none-eabi/14.3.1/../../../../arm-none-eabi/lib/thumb/v7e-m+dp/hard\libnosys.a
END GROUP
LOAD E:/3rd_Year/MAD/STM32CubeIDE_2.2.0/STM32CubeIDE/plugins/com.st.stm32cube.ide.mcu.externaltools.gnu-tools-for-stm32.14.3.rel1.win32_1.0.100.202602081740/tools/bin/../lib/gcc/arm-none-eabi/14.3.1/thumb/v7e-m+dp/hard/crtend.o
LOAD E:/3rd_Year/MAD/STM32CubeIDE_2.2.0/STM32CubeIDE/plugins/com.st.stm32cube.ide.mcu.externaltools.gnu-tools-for-stm32.14.3.rel1.win32_1.0.100.202602081740/tools/bin/../lib/gcc/arm-none-eabi/14.3.1/thumb/v7e-m+dp/hard/crtn.o
                0x20080000                        _estack = (ORIGIN (RAM) + LENGTH (RAM))
                0x00000200                        _Min_Heap_Size = 0x200
                0x00000400                        _Min_Stack_Size = 0x400

.isr_vector     0x08000000      0x1f8
                0x08000000                        . = ALIGN (0x4)
 *(.isr_vector)
 .isr_vector    0x08000000      0x1f8 ./Core/Startup/startup_stm32f767zitx.o
                0x08000000                g_pfnVectors
                0x080001f8                        . = ALIGN (0x4)

.text           0x080001f8     0x35f8
                0x080001f8                        . = ALIGN (0x4)
 *(.text)
 .text          0x080001f8       0x40 E:/3rd_Year/MAD/STM32CubeIDE_2.2.0/STM32CubeIDE/plugins/com.st.stm32cube.ide.mcu.externaltools.gnu-tools-for-stm32.14.3.rel1.win32_1.0.100.202602081740/tools/bin/../lib/gcc/arm-none-eabi/14.3.1/thumb/v7e-m+dp/hard/crtbegin.o
 .text          0x08000238       0x30 E:/3rd_Year/MAD/STM32CubeIDE_2.2.0/STM32CubeIDE/plugins/com.st.stm32cube.ide.mcu.externaltools.gnu-tools-for-stm32.14.3.rel1.win32_1.0.100.202602081740/tools/bin/../lib/gcc/arm-none-eabi/14.3.1/thumb/v7e-m+dp/hard\libgcc.a(_aeabi_uldivmod.o)
                0x08000238                __aeabi_uldivmod
 .text          0x08000268      0x2f8 E:/3rd_Year/MAD/STM32CubeIDE_2.2.0/STM32CubeIDE/plugins/com.st.stm32cube.ide.mcu.externaltools.gnu-tools-for-stm32.14.3.rel1.win32_1.0.100.202602081740/tools/bin/../lib/gcc/arm-none-eabi/14.3.1/thumb/v7e-m+dp/hard\libgcc.a(_udivmoddi4.o)
                0x08000268                __udivmoddi4
 .text          0x08000560        0x4 E:/3rd_Year/MAD/STM32CubeIDE_2.2.0/STM32CubeIDE/plugins/com.st.stm32cube.ide.mcu.externaltools.gnu-tools-for-stm32.14.3.rel1.win32_1.0.100.202602081740/tools/bin/../lib/gcc/arm-none-eabi/14.3.1/thumb/v7e-m+dp/hard\libgcc.a(_dvmd_tls.o)
                0x08000560                __aeabi_idiv0
                0x08000560                __aeabi_ldiv0
 *(.text*)
 .text.MX_ADC1_Init
                0x08000564       0xd4 ./Core/Src/adc.o
                0x08000564                MX_ADC1_Init
 .text.MX_ADC2_Init
                0x08000638       0x94 ./Core/Src/adc.o
                0x08000638                MX_ADC2_Init
 .text.MX_ADC3_Init
                0x080006cc       0x94 ./Core/Src/adc.o
                0x080006cc                MX_ADC3_Init
 .text.HAL_ADC_MspInit
                0x08000760      0x198 ./Core/Src/adc.o
                0x08000760                HAL_ADC_MspInit
 .text.MX_DMA_Init
                0x080008f8       0x3c ./Core/Src/dma.o
                0x080008f8                MX_DMA_Init
 .text.MX_GPIO_Init
                0x08000934       0x48 ./Core/Src/gpio.o
                0x08000934                MX_GPIO_Init
 .text.SCB_InvalidateDCache_by_Addr
                0x0800097c       0x58 ./Core/Src/main.o
 .text.Apply_MovingAverage
                0x080009d4       0xac ./Core/Src/main.o
                0x080009d4                Apply_MovingAverage
 .text.Draw_Oscilloscope_Waveform
                0x08000a80       0x18 ./Core/Src/main.o
                0x08000a80                Draw_Oscilloscope_Waveform
 .text.main     0x08000a98       0xdc ./Core/Src/main.o
                0x08000a98                main
 .text.SystemClock_Config
                0x08000b74       0xe0 ./Core/Src/main.o
                0x08000b74                SystemClock_Config
 .text.HAL_ADC_ConvHalfCpltCallback
                0x08000c54       0x40 ./Core/Src/main.o
                0x08000c54                HAL_ADC_ConvHalfCpltCallback
 .text.HAL_ADC_ConvCpltCallback
                0x08000c94       0x40 ./Core/Src/main.o
                0x08000c94                HAL_ADC_ConvCpltCallback
 .text.MPU_Config
                0x08000cd4       0x58 ./Core/Src/main.o
 .text.Error_Handler
                0x08000d2c        0xc ./Core/Src/main.o
                0x08000d2c                Error_Handler
 .text.HAL_MspInit
                0x08000d38       0x48 ./Core/Src/stm32f7xx_hal_msp.o
                0x08000d38                HAL_MspInit
 .text.NMI_Handler
                0x08000d80        0x8 ./Core/Src/stm32f7xx_it.o
                0x08000d80                NMI_Handler
 .text.HardFault_Handler
                0x08000d88        0x8 ./Core/Src/stm32f7xx_it.o
                0x08000d88                HardFault_Handler
 .text.MemManage_Handler
                0x08000d90        0x8 ./Core/Src/stm32f7xx_it.o
                0x08000d90                MemManage_Handler
 .text.BusFault_Handler
                0x08000d98        0x8 ./Core/Src/stm32f7xx_it.o
                0x08000d98                BusFault_Handler
 .text.UsageFault_Handler
                0x08000da0        0x8 ./Core/Src/stm32f7xx_it.o
                0x08000da0                UsageFault_Handler
 .text.SVC_Handler
                0x08000da8        0xe ./Core/Src/stm32f7xx_it.o
                0x08000da8                SVC_Handler
 .text.DebugMon_Handler
                0x08000db6        0xe ./Core/Src/stm32f7xx_it.o
                0x08000db6                DebugMon_Handler
 .text.PendSV_Handler
                0x08000dc4        0xe ./Core/Src/stm32f7xx_it.o
                0x08000dc4                PendSV_Handler
 .text.SysTick_Handler
                0x08000dd2        0xc ./Core/Src/stm32f7xx_it.o
                0x08000dd2                SysTick_Handler
 *fill*         0x08000dde        0x2 
 .text.DMA2_Stream0_IRQHandler
                0x08000de0       0x14 ./Core/Src/stm32f7xx_it.o
                0x08000de0                DMA2_Stream0_IRQHandler
 .text.SystemInit
                0x08000df4       0x24 ./Core/Src/system_stm32f7xx.o
                0x08000df4                SystemInit
 .text.MX_TIM2_Init
                0x08000e18       0x98 ./Core/Src/tim.o
                0x08000e18                MX_TIM2_Init
 .text.HAL_TIM_Base_MspInit
                0x08000eb0       0x3c ./Core/Src/tim.o
                0x08000eb0                HAL_TIM_Base_MspInit
 .text.Reset_Handler
                0x08000eec       0x50 ./Core/Startup/startup_stm32f767zitx.o
                0x08000eec                Reset_Handler
 .text.Default_Handler
                0x08000f3c        0x2 ./Core/Startup/startup_stm32f767zitx.o
                0x08000f3c                RTC_Alarm_IRQHandler
                0x08000f3c                EXTI2_IRQHandler
                0x08000f3c                TIM8_CC_IRQHandler
                0x08000f3c                UART8_IRQHandler
                0x08000f3c                SPI4_IRQHandler
                0x08000f3c                TIM1_CC_IRQHandler
                0x08000f3c                DMA2_Stream5_IRQHandler
                0x08000f3c                JPEG_IRQHandler
                0x08000f3c                DMA1_Stream5_IRQHandler
                0x08000f3c                CAN3_RX1_IRQHandler
                0x08000f3c                PVD_IRQHandler
                0x08000f3c                TAMP_STAMP_IRQHandler
                0x08000f3c                CAN2_RX1_IRQHandler
                0x08000f3c                EXTI3_IRQHandler
                0x08000f3c                TIM8_TRG_COM_TIM14_IRQHandler
                0x08000f3c                DFSDM1_FLT1_IRQHandler
                0x08000f3c                TIM1_UP_TIM10_IRQHandler
                0x08000f3c                TIM8_UP_TIM13_IRQHandler
                0x08000f3c                I2C3_ER_IRQHandler
                0x08000f3c                DFSDM1_FLT2_IRQHandler
                0x08000f3c                EXTI0_IRQHandler
                0x08000f3c                I2C2_EV_IRQHandler
                0x08000f3c                DMA1_Stream2_IRQHandler
                0x08000f3c                CAN1_RX0_IRQHandler
                0x08000f3c                FPU_IRQHandler
                0x08000f3c                OTG_HS_WKUP_IRQHandler
                0x08000f3c                CAN3_SCE_IRQHandler
                0x08000f3c                LTDC_ER_IRQHandler
                0x08000f3c                CAN2_SCE_IRQHandler
                0x08000f3c                DMA2_Stream2_IRQHandler
                0x08000f3c                SPI1_IRQHandler
                0x08000f3c                TIM6_DAC_IRQHandler
                0x08000f3c                TIM1_BRK_TIM9_IRQHandler
                0x08000f3c                DCMI_IRQHandler
                0x08000f3c                CAN2_RX0_IRQHandler
                0x08000f3c                DMA2_Stream3_IRQHandler
                0x08000f3c                SAI2_IRQHandler
                0x08000f3c                DFSDM1_FLT3_IRQHandler
                0x08000f3c                USART6_IRQHandler
                0x08000f3c                CAN3_RX0_IRQHandler
                0x08000f3c                USART3_IRQHandler
                0x08000f3c                CAN1_RX1_IRQHandler
                0x08000f3c                UART5_IRQHandler
                0x08000f3c                TIM4_IRQHandler
                0x08000f3c                QUADSPI_IRQHandler
                0x08000f3c                I2C1_EV_IRQHandler
                0x08000f3c                DMA1_Stream6_IRQHandler
                0x08000f3c                DMA1_Stream1_IRQHandler
                0x08000f3c                UART4_IRQHandler
                0x08000f3c                TIM3_IRQHandler
                0x08000f3c                RCC_IRQHandler
                0x08000f3c                TIM8_BRK_TIM12_IRQHandler
                0x08000f3c                Default_Handler
                0x08000f3c                CEC_IRQHandler
                0x08000f3c                EXTI15_10_IRQHandler
                0x08000f3c                ADC_IRQHandler
                0x08000f3c                DMA1_Stream7_IRQHandler
                0x08000f3c                SPI5_IRQHandler
                0x08000f3c                TIM7_IRQHandler
                0x08000f3c                SDMMC1_IRQHandler
                0x08000f3c                CAN2_TX_IRQHandler
                0x08000f3c                TIM5_IRQHandler
                0x08000f3c                DMA2_Stream7_IRQHandler
                0x08000f3c                I2C3_EV_IRQHandler
                0x08000f3c                EXTI9_5_IRQHandler
                0x08000f3c                RTC_WKUP_IRQHandler
                0x08000f3c                LTDC_IRQHandler
                0x08000f3c                ETH_WKUP_IRQHandler
                0x08000f3c                SPDIF_RX_IRQHandler
                0x08000f3c                SPI2_IRQHandler
                0x08000f3c                OTG_HS_EP1_IN_IRQHandler
                0x08000f3c                DMA1_Stream0_IRQHandler
                0x08000f3c                CAN1_TX_IRQHandler
                0x08000f3c                EXTI4_IRQHandler
                0x08000f3c                RNG_IRQHandler
                0x08000f3c                ETH_IRQHandler
                0x08000f3c                OTG_HS_EP1_OUT_IRQHandler
                0x08000f3c                WWDG_IRQHandler
                0x08000f3c                SPI6_IRQHandler
                0x08000f3c                MDIOS_IRQHandler
                0x08000f3c                I2C4_EV_IRQHandler
                0x08000f3c                CAN3_TX_IRQHandler
                0x08000f3c                TIM2_IRQHandler
                0x08000f3c                OTG_FS_WKUP_IRQHandler
                0x08000f3c                TIM1_TRG_COM_TIM11_IRQHandler
                0x08000f3c                OTG_HS_IRQHandler
                0x08000f3c                DMA2D_IRQHandler
                0x08000f3c                EXTI1_IRQHandler
                0x08000f3c                SDMMC2_IRQHandler
                0x08000f3c                UART7_IRQHandler
                0x08000f3c                USART2_IRQHandler
                0x08000f3c                DFSDM1_FLT0_IRQHandler
                0x08000f3c                I2C2_ER_IRQHandler
                0x08000f3c                DMA2_Stream1_IRQHandler
                0x08000f3c                CAN1_SCE_IRQHandler
                0x08000f3c                FLASH_IRQHandler
                0x08000f3c                DMA2_Stream4_IRQHandler
                0x08000f3c                USART1_IRQHandler
                0x08000f3c                OTG_FS_IRQHandler
                0x08000f3c                SPI3_IRQHandler
                0x08000f3c                DMA1_Stream4_IRQHandler
                0x08000f3c                I2C1_ER_IRQHandler
                0x08000f3c                FMC_IRQHandler
                0x08000f3c                LPTIM1_IRQHandler
                0x08000f3c                I2C4_ER_IRQHandler
                0x08000f3c                DMA2_Stream6_IRQHandler
                0x08000f3c                SAI1_IRQHandler
                0x08000f3c                DMA1_Stream3_IRQHandler
 .text.HAL_Init
                0x08000f3e       0x1a ./Drivers/STM32F7xx_HAL_Driver/Src/stm32f7xx_hal.o
                0x08000f3e                HAL_Init
 .text.HAL_InitTick
                0x08000f58       0x60 ./Drivers/STM32F7xx_HAL_Driver/Src/stm32f7xx_hal.o
                0x08000f58                HAL_InitTick
 .text.HAL_IncTick
                0x08000fb8       0x28 ./Drivers/STM32F7xx_HAL_Driver/Src/stm32f7xx_hal.o
                0x08000fb8                HAL_IncTick
 .text.HAL_GetTick
                0x08000fe0       0x18 ./Drivers/STM32F7xx_HAL_Driver/Src/stm32f7xx_hal.o
                0x08000fe0                HAL_GetTick
 .text.HAL_ADC_Init
                0x08000ff8       0x88 ./Drivers/STM32F7xx_HAL_Driver/Src/stm32f7xx_hal_adc.o
                0x08000ff8                HAL_ADC_Init
 .text.HAL_ADC_Start
                0x08001080      0x19c ./Drivers/STM32F7xx_HAL_Driver/Src/stm32f7xx_hal_adc.o
                0x08001080                HAL_ADC_Start
 .text.HAL_ADC_ErrorCallback
                0x0800121c       0x14 ./Drivers/STM32F7xx_HAL_Driver/Src/stm32f7xx_hal_adc.o
                0x0800121c                HAL_ADC_ErrorCallback
 .text.HAL_ADC_ConfigChannel
                0x08001230      0x2b4 ./Drivers/STM32F7xx_HAL_Driver/Src/stm32f7xx_hal_adc.o
                0x08001230                HAL_ADC_ConfigChannel
 .text.ADC_Init
                0x080014e4      0x1f4 ./Drivers/STM32F7xx_HAL_Driver/Src/stm32f7xx_hal_adc.o
 .text.HAL_ADCEx_MultiModeStart_DMA
                0x080016d8      0x19c ./Drivers/STM32F7xx_HAL_Driver/Src/stm32f7xx_hal_adc_ex.o
                0x080016d8                HAL_ADCEx_MultiModeStart_DMA
 .text.HAL_ADCEx_MultiModeConfigChannel
                0x08001874       0x88 ./Drivers/STM32F7xx_HAL_Driver/Src/stm32f7xx_hal_adc_ex.o
                0x08001874                HAL_ADCEx_MultiModeConfigChannel
 .text.ADC_MultiModeDMAConvCplt
                0x080018fc       0xa6 ./Drivers/STM32F7xx_HAL_Driver/Src/stm32f7xx_hal_adc_ex.o
 .text.ADC_MultiModeDMAHalfConvCplt
                0x080019a2       0x1c ./Drivers/STM32F7xx_HAL_Driver/Src/stm32f7xx_hal_adc_ex.o
 .text.ADC_MultiModeDMAError
                0x080019be       0x2e ./Drivers/STM32F7xx_HAL_Driver/Src/stm32f7xx_hal_adc_ex.o
 .text.__NVIC_SetPriorityGrouping
                0x080019ec       0x48 ./Drivers/STM32F7xx_HAL_Driver/Src/stm32f7xx_hal_cortex.o
 .text.__NVIC_GetPriorityGrouping
                0x08001a34       0x1c ./Drivers/STM32F7xx_HAL_Driver/Src/stm32f7xx_hal_cortex.o
 .text.__NVIC_EnableIRQ
                0x08001a50       0x3c ./Drivers/STM32F7xx_HAL_Driver/Src/stm32f7xx_hal_cortex.o
 .text.__NVIC_SetPriority
                0x08001a8c       0x54 ./Drivers/STM32F7xx_HAL_Driver/Src/stm32f7xx_hal_cortex.o
 .text.NVIC_EncodePriority
                0x08001ae0       0x66 ./Drivers/STM32F7xx_HAL_Driver/Src/stm32f7xx_hal_cortex.o
 *fill*         0x08001b46        0x2 
 .text.SysTick_Config
                0x08001b48       0x44 ./Drivers/STM32F7xx_HAL_Driver/Src/stm32f7xx_hal_cortex.o
 .text.HAL_NVIC_SetPriorityGrouping
                0x08001b8c       0x16 ./Drivers/STM32F7xx_HAL_Driver/Src/stm32f7xx_hal_cortex.o
                0x08001b8c                HAL_NVIC_SetPriorityGrouping
 .text.HAL_NVIC_SetPriority
                0x08001ba2       0x38 ./Drivers/STM32F7xx_HAL_Driver/Src/stm32f7xx_hal_cortex.o
                0x08001ba2                HAL_NVIC_SetPriority
 .text.HAL_NVIC_EnableIRQ
                0x08001bda       0x1c ./Drivers/STM32F7xx_HAL_Driver/Src/stm32f7xx_hal_cortex.o
                0x08001bda                HAL_NVIC_EnableIRQ
 .text.HAL_SYSTICK_Config
                0x08001bf6       0x18 ./Drivers/STM32F7xx_HAL_Driver/Src/stm32f7xx_hal_cortex.o
                0x08001bf6                HAL_SYSTICK_Config
 *fill*         0x08001c0e        0x2 
 .text.HAL_MPU_Disable
                0x08001c10       0x30 ./Drivers/STM32F7xx_HAL_Driver/Src/stm32f7xx_hal_cortex.o
                0x08001c10                HAL_MPU_Disable
 .text.HAL_MPU_Enable
                0x08001c40       0x40 ./Drivers/STM32F7xx_HAL_Driver/Src/stm32f7xx_hal_cortex.o
                0x08001c40                HAL_MPU_Enable
 .text.HAL_MPU_ConfigRegion
                0x08001c80       0x80 ./Drivers/STM32F7xx_HAL_Driver/Src/stm32f7xx_hal_cortex.o
                0x08001c80                HAL_MPU_ConfigRegion
 .text.HAL_DMA_Init
                0x08001d00      0x15c ./Drivers/STM32F7xx_HAL_Driver/Src/stm32f7xx_hal_dma.o
                0x08001d00                HAL_DMA_Init
 .text.HAL_DMA_Start_IT
                0x08001e5c       0xc0 ./Drivers/STM32F7xx_HAL_Driver/Src/stm32f7xx_hal_dma.o
                0x08001e5c                HAL_DMA_Start_IT
 .text.HAL_DMA_IRQHandler
                0x08001f1c      0x314 ./Drivers/STM32F7xx_HAL_Driver/Src/stm32f7xx_hal_dma.o
                0x08001f1c                HAL_DMA_IRQHandler
 .text.DMA_SetConfig
                0x08002230       0x5c ./Drivers/STM32F7xx_HAL_Driver/Src/stm32f7xx_hal_dma.o
 .text.DMA_CalcBaseAndBitshift
                0x0800228c       0x6c ./Drivers/STM32F7xx_HAL_Driver/Src/stm32f7xx_hal_dma.o
 .text.DMA_CheckFifoParam
                0x080022f8       0xf8 ./Drivers/STM32F7xx_HAL_Driver/Src/stm32f7xx_hal_dma.o
 .text.HAL_GPIO_Init
                0x080023f0      0x358 ./Drivers/STM32F7xx_HAL_Driver/Src/stm32f7xx_hal_gpio.o
                0x080023f0                HAL_GPIO_Init
 .text.HAL_PWREx_EnableOverDrive
                0x08002748       0xa0 ./Drivers/STM32F7xx_HAL_Driver/Src/stm32f7xx_hal_pwr_ex.o
                0x08002748                HAL_PWREx_EnableOverDrive
 .text.HAL_RCC_OscConfig
                0x080027e8      0x55c ./Drivers/STM32F7xx_HAL_Driver/Src/stm32f7xx_hal_rcc.o
                0x080027e8                HAL_RCC_OscConfig
 .text.HAL_RCC_ClockConfig
                0x08002d44      0x1d8 ./Drivers/STM32F7xx_HAL_Driver/Src/stm32f7xx_hal_rcc.o
                0x08002d44                HAL_RCC_ClockConfig
 .text.HAL_RCC_GetSysClockFreq
                0x08002f1c      0x188 ./Drivers/STM32F7xx_HAL_Driver/Src/stm32f7xx_hal_rcc.o
                0x08002f1c                HAL_RCC_GetSysClockFreq
 .text.HAL_TIM_Base_Init
                0x080030a4       0xae ./Drivers/STM32F7xx_HAL_Driver/Src/stm32f7xx_hal_tim.o
                0x080030a4                HAL_TIM_Base_Init
 *fill*         0x08003152        0x2 
 .text.HAL_TIM_Base_Start
                0x08003154       0xe0 ./Drivers/STM32F7xx_HAL_Driver/Src/stm32f7xx_hal_tim.o
                0x08003154                HAL_TIM_Base_Start
 .text.HAL_TIM_ConfigClockSource
                0x08003234      0x194 ./Drivers/STM32F7xx_HAL_Driver/Src/stm32f7xx_hal_tim.o
                0x08003234                HAL_TIM_ConfigClockSource
 .text.TIM_Base_SetConfig
                0x080033c8      0x14c ./Drivers/STM32F7xx_HAL_Driver/Src/stm32f7xx_hal_tim.o
                0x080033c8                TIM_Base_SetConfig
 .text.TIM_TI1_ConfigInputStage
                0x08003514       0x5e ./Drivers/STM32F7xx_HAL_Driver/Src/stm32f7xx_hal_tim.o
 .text.TIM_TI2_ConfigInputStage
                0x08003572       0x60 ./Drivers/STM32F7xx_HAL_Driver/Src/stm32f7xx_hal_tim.o
 .text.TIM_ITRx_SetConfig
                0x080035d2       0x36 ./Drivers/STM32F7xx_HAL_Driver/Src/stm32f7xx_hal_tim.o
 .text.TIM_ETR_SetConfig
                0x08003608       0x40 ./Drivers/STM32F7xx_HAL_Driver/Src/stm32f7xx_hal_tim.o
                0x08003608                TIM_ETR_SetConfig
 .text.HAL_TIMEx_MasterConfigSynchronization
                0x08003648      0x11c ./Drivers/STM32F7xx_HAL_Driver/Src/stm32f7xx_hal_tim_ex.o
                0x08003648                HAL_TIMEx_MasterConfigSynchronization
 .text.memset   0x08003764       0x10 E:/3rd_Year/MAD/STM32CubeIDE_2.2.0/STM32CubeIDE/plugins/com.st.stm32cube.ide.mcu.externaltools.gnu-tools-for-stm32.14.3.rel1.win32_1.0.100.202602081740/tools/bin/../lib/gcc/arm-none-eabi/14.3.1/../../../../arm-none-eabi/lib/thumb/v7e-m+dp/hard\libc_nano.a(libc_a-memset.o)
                0x08003764                memset
 .text.__libc_init_array
                0x08003774       0x48 E:/3rd_Year/MAD/STM32CubeIDE_2.2.0/STM32CubeIDE/plugins/com.st.stm32cube.ide.mcu.externaltools.gnu-tools-for-stm32.14.3.rel1.win32_1.0.100.202602081740/tools/bin/../lib/gcc/arm-none-eabi/14.3.1/../../../../arm-none-eabi/lib/thumb/v7e-m+dp/hard\libc_nano.a(libc_a-init.o)
                0x08003774                __libc_init_array
 .text.memcpy   0x080037bc       0x1c E:/3rd_Year/MAD/STM32CubeIDE_2.2.0/STM32CubeIDE/plugins/com.st.stm32cube.ide.mcu.externaltools.gnu-tools-for-stm32.14.3.rel1.win32_1.0.100.202602081740/tools/bin/../lib/gcc/arm-none-eabi/14.3.1/../../../../arm-none-eabi/lib/thumb/v7e-m+dp/hard\libc_nano.a(libc_a-memcpy-stub.o)
                0x080037bc                memcpy
 *(.glue_7)
 .glue_7        0x080037d8        0x0 linker stubs
 *(.glue_7t)
 .glue_7t       0x080037d8        0x0 linker stubs
 *(.eh_frame)
 .eh_frame      0x080037d8        0x0 E:/3rd_Year/MAD/STM32CubeIDE_2.2.0/STM32CubeIDE/plugins/com.st.stm32cube.ide.mcu.externaltools.gnu-tools-for-stm32.14.3.rel1.win32_1.0.100.202602081740/tools/bin/../lib/gcc/arm-none-eabi/14.3.1/thumb/v7e-m+dp/hard/crtbegin.o
 *(.init)
 .init          0x080037d8        0x4 E:/3rd_Year/MAD/STM32CubeIDE_2.2.0/STM32CubeIDE/plugins/com.st.stm32cube.ide.mcu.externaltools.gnu-tools-for-stm32.14.3.rel1.win32_1.0.100.202602081740/tools/bin/../lib/gcc/arm-none-eabi/14.3.1/thumb/v7e-m+dp/hard/crti.o
                0x080037d8                _init
 .init          0x080037dc        0x8 E:/3rd_Year/MAD/STM32CubeIDE_2.2.0/STM32CubeIDE/plugins/com.st.stm32cube.ide.mcu.externaltools.gnu-tools-for-stm32.14.3.rel1.win32_1.0.100.202602081740/tools/bin/../lib/gcc/arm-none-eabi/14.3.1/thumb/v7e-m+dp/hard/crtn.o
 *(.fini)
 .fini          0x080037e4        0x4 E:/3rd_Year/MAD/STM32CubeIDE_2.2.0/STM32CubeIDE/plugins/com.st.stm32cube.ide.mcu.externaltools.gnu-tools-for-stm32.14.3.rel1.win32_1.0.100.202602081740/tools/bin/../lib/gcc/arm-none-eabi/14.3.1/thumb/v7e-m+dp/hard/crti.o
                0x080037e4                _fini
 .fini          0x080037e8        0x8 E:/3rd_Year/MAD/STM32CubeIDE_2.2.0/STM32CubeIDE/plugins/com.st.stm32cube.ide.mcu.externaltools.gnu-tools-for-stm32.14.3.rel1.win32_1.0.100.202602081740/tools/bin/../lib/gcc/arm-none-eabi/14.3.1/thumb/v7e-m+dp/hard/crtn.o
                0x080037f0                        . = ALIGN (0x4)
                0x080037f0                        _etext = .

.vfp11_veneer   0x080037f0        0x0
 .vfp11_veneer  0x080037f0        0x0 linker stubs

.v4_bx          0x080037f0        0x0
 .v4_bx         0x080037f0        0x0 linker stubs

.iplt           0x080037f0        0x0
 .iplt          0x080037f0        0x0 E:/3rd_Year/MAD/STM32CubeIDE_2.2.0/STM32CubeIDE/plugins/com.st.stm32cube.ide.mcu.externaltools.gnu-tools-for-stm32.14.3.rel1.win32_1.0.100.202602081740/tools/bin/../lib/gcc/arm-none-eabi/14.3.1/thumb/v7e-m+dp/hard/crtbegin.o

.rodata         0x080037f0       0x18
                0x080037f0                        . = ALIGN (0x4)
 *(.rodata)
 *(.rodata*)
 .rodata.AHBPrescTable
                0x080037f0       0x10 ./Core/Src/system_stm32f7xx.o
                0x080037f0                AHBPrescTable
 .rodata.flagBitshiftOffset.0
                0x08003800        0x8 ./Drivers/STM32F7xx_HAL_Driver/Src/stm32f7xx_hal_dma.o
                0x08003808                        . = ALIGN (0x4)

.ARM.extab      0x08003808        0x0
                0x08003808                        . = ALIGN (0x4)
 *(.ARM.extab* .gnu.linkonce.armextab.*)
                0x08003808                        . = ALIGN (0x4)

.ARM            0x08003808        0x8
                0x08003808                        . = ALIGN (0x4)
                0x08003808                        __exidx_start = .
 *(.ARM.exidx*)
 .ARM.exidx     0x08003808        0x8 E:/3rd_Year/MAD/STM32CubeIDE_2.2.0/STM32CubeIDE/plugins/com.st.stm32cube.ide.mcu.externaltools.gnu-tools-for-stm32.14.3.rel1.win32_1.0.100.202602081740/tools/bin/../lib/gcc/arm-none-eabi/14.3.1/thumb/v7e-m+dp/hard\libgcc.a(_udivmoddi4.o)
                0x08003810                        __exidx_end = .
                0x08003810                        . = ALIGN (0x4)

.preinit_array  0x08003810        0x0
                0x08003810                        . = ALIGN (0x4)
                0x08003810                        PROVIDE (__preinit_array_start = .)
 *(.preinit_array*)
                0x08003810                        PROVIDE (__preinit_array_end = .)
                0x08003810                        . = ALIGN (0x4)

.init_array     0x08003810        0x4
                0x08003810                        . = ALIGN (0x4)
                0x08003810                        PROVIDE (__init_array_start = .)
 *(SORT_BY_NAME(.init_array.*))
 *(.init_array*)
 .init_array    0x08003810        0x4 E:/3rd_Year/MAD/STM32CubeIDE_2.2.0/STM32CubeIDE/plugins/com.st.stm32cube.ide.mcu.externaltools.gnu-tools-for-stm32.14.3.rel1.win32_1.0.100.202602081740/tools/bin/../lib/gcc/arm-none-eabi/14.3.1/thumb/v7e-m+dp/hard/crtbegin.o
                0x08003814                        PROVIDE (__init_array_end = .)
                0x08003814                        . = ALIGN (0x4)

.fini_array     0x08003814        0x4
                0x08003814                        . = ALIGN (0x4)
                [!provide]                        PROVIDE (__fini_array_start = .)
 *(SORT_BY_NAME(.fini_array.*))
 *(.fini_array*)
 .fini_array    0x08003814        0x4 E:/3rd_Year/MAD/STM32CubeIDE_2.2.0/STM32CubeIDE/plugins/com.st.stm32cube.ide.mcu.externaltools.gnu-tools-for-stm32.14.3.rel1.win32_1.0.100.202602081740/tools/bin/../lib/gcc/arm-none-eabi/14.3.1/thumb/v7e-m+dp/hard/crtbegin.o
                [!provide]                        PROVIDE (__fini_array_end = .)
                0x08003818                        . = ALIGN (0x4)
                0x08003818                        _sidata = LOADADDR (.data)

.rel.dyn        0x08003818        0x0
 .rel.iplt      0x08003818        0x0 E:/3rd_Year/MAD/STM32CubeIDE_2.2.0/STM32CubeIDE/plugins/com.st.stm32cube.ide.mcu.externaltools.gnu-tools-for-stm32.14.3.rel1.win32_1.0.100.202602081740/tools/bin/../lib/gcc/arm-none-eabi/14.3.1/thumb/v7e-m+dp/hard/crtbegin.o

.data           0x20000000        0xc load address 0x08003818
                0x20000000                        . = ALIGN (0x4)
                0x20000000                        _sdata = .
 *(.data)
 *(.data*)
 .data.SystemCoreClock
                0x20000000        0x4 ./Core/Src/system_stm32f7xx.o
                0x20000000                SystemCoreClock
 .data.uwTickPrio
                0x20000004        0x4 ./Drivers/STM32F7xx_HAL_Driver/Src/stm32f7xx_hal.o
                0x20000004                uwTickPrio
 .data.uwTickFreq
                0x20000008        0x1 ./Drivers/STM32F7xx_HAL_Driver/Src/stm32f7xx_hal.o
                0x20000008                uwTickFreq
 *(.RamFunc)
 *(.RamFunc*)
                0x2000000c                        . = ALIGN (0x4)
 *fill*         0x20000009        0x3 
                0x2000000c                        _edata = .

.igot.plt       0x2000000c        0x0 load address 0x08003824
 .igot.plt      0x2000000c        0x0 E:/3rd_Year/MAD/STM32CubeIDE_2.2.0/STM32CubeIDE/plugins/com.st.stm32cube.ide.mcu.externaltools.gnu-tools-for-stm32.14.3.rel1.win32_1.0.100.202602081740/tools/bin/../lib/gcc/arm-none-eabi/14.3.1/thumb/v7e-m+dp/hard/crtbegin.o
                0x2000000c                        . = ALIGN (0x4)

.bss            0x20000020     0x15bc load address 0x08003824
                0x20000020                        _sbss = .
                0x20000020                        __bss_start__ = _sbss
 *(.bss)
 .bss           0x20000020       0x1c E:/3rd_Year/MAD/STM32CubeIDE_2.2.0/STM32CubeIDE/plugins/com.st.stm32cube.ide.mcu.externaltools.gnu-tools-for-stm32.14.3.rel1.win32_1.0.100.202602081740/tools/bin/../lib/gcc/arm-none-eabi/14.3.1/thumb/v7e-m+dp/hard/crtbegin.o
 *(.bss*)
 .bss.hadc1     0x2000003c       0x48 ./Core/Src/adc.o
                0x2000003c                hadc1
 .bss.hadc2     0x20000084       0x48 ./Core/Src/adc.o
                0x20000084                hadc2
 .bss.hadc3     0x200000cc       0x48 ./Core/Src/adc.o
                0x200000cc                hadc3
 .bss.hdma_adc1
                0x20000114       0x60 ./Core/Src/adc.o
                0x20000114                hdma_adc1
 *fill*         0x20000174        0xc 
 .bss.adc_dma_buffer
                0x20000180      0xf00 ./Core/Src/main.o
                0x20000180                adc_dma_buffer
 .bss.raw_waveform
                0x20001080      0x280 ./Core/Src/main.o
                0x20001080                raw_waveform
 .bss.filtered_waveform
                0x20001300      0x280 ./Core/Src/main.o
                0x20001300                filtered_waveform
 .bss.debug_adc_raw
                0x20001580        0x2 ./Core/Src/main.o
                0x20001580                debug_adc_raw
 .bss.debug_adc_filtered
                0x20001582        0x2 ./Core/Src/main.o
                0x20001582                debug_adc_filtered
 .bss.buffer_ready_flag
                0x20001584        0x1 ./Core/Src/main.o
                0x20001584                buffer_ready_flag
 *fill*         0x20001585        0x3 
 .bss.current_processing_ptr
                0x20001588        0x4 ./Core/Src/main.o
                0x20001588                current_processing_ptr
 .bss.htim2     0x2000158c       0x4c ./Core/Src/tim.o
                0x2000158c                htim2
 .bss.uwTick    0x200015d8        0x4 ./Drivers/STM32F7xx_HAL_Driver/Src/stm32f7xx_hal.o
                0x200015d8                uwTick
 *(COMMON)
                0x200015dc                        . = ALIGN (0x4)
                0x200015dc                        _ebss = .
                0x200015dc                        __bss_end__ = _ebss

._user_heap_stack
                0x200015dc      0x604 load address 0x08003824
                0x200015e0                        . = ALIGN (0x8)
 *fill*         0x200015dc        0x4 
                [!provide]                        PROVIDE (end = .)
                0x200015e0                        PROVIDE (_end = .)
                0x200017e0                        . = (. + _Min_Heap_Size)
 *fill*         0x200015e0      0x200 
                0x20001be0                        . = (. + _Min_Stack_Size)
 *fill*         0x200017e0      0x400 
                0x20001be0                        . = ALIGN (0x8)

/DISCARD/
 libc.a(*)
 libm.a(*)
 libgcc.a(*)

.ARM.attributes
                0x00000000       0x2e
 *(.ARM.attributes)
 .ARM.attributes
                0x00000000       0x20 E:/3rd_Year/MAD/STM32CubeIDE_2.2.0/STM32CubeIDE/plugins/com.st.stm32cube.ide.mcu.externaltools.gnu-tools-for-stm32.14.3.rel1.win32_1.0.100.202602081740/tools/bin/../lib/gcc/arm-none-eabi/14.3.1/thumb/v7e-m+dp/hard/crti.o
 .ARM.attributes
                0x00000020       0x32 E:/3rd_Year/MAD/STM32CubeIDE_2.2.0/STM32CubeIDE/plugins/com.st.stm32cube.ide.mcu.externaltools.gnu-tools-for-stm32.14.3.rel1.win32_1.0.100.202602081740/tools/bin/../lib/gcc/arm-none-eabi/14.3.1/thumb/v7e-m+dp/hard/crtbegin.o
 .ARM.attributes
                0x00000052       0x32 ./Core/Src/adc.o
 .ARM.attributes
                0x00000084       0x32 ./Core/Src/dma.o
 .ARM.attributes
                0x000000b6       0x32 ./Core/Src/gpio.o
 .ARM.attributes
                0x000000e8       0x32 ./Core/Src/main.o
 .ARM.attributes
                0x0000011a       0x32 ./Core/Src/stm32f7xx_hal_msp.o
 .ARM.attributes
                0x0000014c       0x32 ./Core/Src/stm32f7xx_it.o
 .ARM.attributes
                0x0000017e       0x32 ./Core/Src/system_stm32f7xx.o
 .ARM.attributes
                0x000001b0       0x32 ./Core/Src/tim.o
 .ARM.attributes
                0x000001e2       0x21 ./Core/Startup/startup_stm32f767zitx.o
 .ARM.attributes
                0x00000203       0x32 ./Drivers/STM32F7xx_HAL_Driver/Src/stm32f7xx_hal.o
 .ARM.attributes
                0x00000235       0x32 ./Drivers/STM32F7xx_HAL_Driver/Src/stm32f7xx_hal_adc.o
 .ARM.attributes
                0x00000267       0x32 ./Drivers/STM32F7xx_HAL_Driver/Src/stm32f7xx_hal_adc_ex.o
 .ARM.attributes
                0x00000299       0x32 ./Drivers/STM32F7xx_HAL_Driver/Src/stm32f7xx_hal_cortex.o
 .ARM.attributes
                0x000002cb       0x32 ./Drivers/STM32F7xx_HAL_Driver/Src/stm32f7xx_hal_dma.o
 .ARM.attributes
                0x000002fd       0x32 ./Drivers/STM32F7xx_HAL_Driver/Src/stm32f7xx_hal_gpio.o
 .ARM.attributes
                0x0000032f       0x32 ./Drivers/STM32F7xx_HAL_Driver/Src/stm32f7xx_hal_pwr_ex.o
 .ARM.attributes
                0x00000361       0x32 ./Drivers/STM32F7xx_HAL_Driver/Src/stm32f7xx_hal_rcc.o
 .ARM.attributes
                0x00000393       0x32 ./Drivers/STM32F7xx_HAL_Driver/Src/stm32f7xx_hal_tim.o
 .ARM.attributes
                0x000003c5       0x32 ./Drivers/STM32F7xx_HAL_Driver/Src/stm32f7xx_hal_tim_ex.o
 .ARM.attributes
                0x000003f7       0x32 E:/3rd_Year/MAD/STM32CubeIDE_2.2.0/STM32CubeIDE/plugins/com.st.stm32cube.ide.mcu.externaltools.gnu-tools-for-stm32.14.3.rel1.win32_1.0.100.202602081740/tools/bin/../lib/gcc/arm-none-eabi/14.3.1/../../../../arm-none-eabi/lib/thumb/v7e-m+dp/hard\libc_nano.a(libc_a-memset.o)
 .ARM.attributes
                0x00000429       0x32 E:/3rd_Year/MAD/STM32CubeIDE_2.2.0/STM32CubeIDE/plugins/com.st.stm32cube.ide.mcu.externaltools.gnu-tools-for-stm32.14.3.rel1.win32_1.0.100.202602081740/tools/bin/../lib/gcc/arm-none-eabi/14.3.1/../../../../arm-none-eabi/lib/thumb/v7e-m+dp/hard\libc_nano.a(libc_a-init.o)
 .ARM.attributes
                0x0000045b       0x32 E:/3rd_Year/MAD/STM32CubeIDE_2.2.0/STM32CubeIDE/plugins/com.st.stm32cube.ide.mcu.externaltools.gnu-tools-for-stm32.14.3.rel1.win32_1.0.100.202602081740/tools/bin/../lib/gcc/arm-none-eabi/14.3.1/../../../../arm-none-eabi/lib/thumb/v7e-m+dp/hard\libc_nano.a(libc_a-memcpy-stub.o)
 .ARM.attributes
                0x0000048d       0x20 E:/3rd_Year/MAD/STM32CubeIDE_2.2.0/STM32CubeIDE/plugins/com.st.stm32cube.ide.mcu.externaltools.gnu-tools-for-stm32.14.3.rel1.win32_1.0.100.202602081740/tools/bin/../lib/gcc/arm-none-eabi/14.3.1/thumb/v7e-m+dp/hard\libgcc.a(_aeabi_uldivmod.o)
 .ARM.attributes
                0x000004ad       0x32 E:/3rd_Year/MAD/STM32CubeIDE_2.2.0/STM32CubeIDE/plugins/com.st.stm32cube.ide.mcu.externaltools.gnu-tools-for-stm32.14.3.rel1.win32_1.0.100.202602081740/tools/bin/../lib/gcc/arm-none-eabi/14.3.1/thumb/v7e-m+dp/hard\libgcc.a(_udivmoddi4.o)
 .ARM.attributes
                0x000004df       0x20 E:/3rd_Year/MAD/STM32CubeIDE_2.2.0/STM32CubeIDE/plugins/com.st.stm32cube.ide.mcu.externaltools.gnu-tools-for-stm32.14.3.rel1.win32_1.0.100.202602081740/tools/bin/../lib/gcc/arm-none-eabi/14.3.1/thumb/v7e-m+dp/hard\libgcc.a(_dvmd_tls.o)
 .ARM.attributes
                0x000004ff       0x20 E:/3rd_Year/MAD/STM32CubeIDE_2.2.0/STM32CubeIDE/plugins/com.st.stm32cube.ide.mcu.externaltools.gnu-tools-for-stm32.14.3.rel1.win32_1.0.100.202602081740/tools/bin/../lib/gcc/arm-none-eabi/14.3.1/thumb/v7e-m+dp/hard/crtn.o
OUTPUT(Project.elf elf32-littlearm)
LOAD linker stubs
LOAD E:/3rd_Year/MAD/STM32CubeIDE_2.2.0/STM32CubeIDE/plugins/com.st.stm32cube.ide.mcu.externaltools.gnu-tools-for-stm32.14.3.rel1.win32_1.0.100.202602081740/tools/bin/../lib/gcc/arm-none-eabi/14.3.1/../../../../arm-none-eabi/lib/thumb/v7e-m+dp/hard\libc.a
LOAD E:/3rd_Year/MAD/STM32CubeIDE_2.2.0/STM32CubeIDE/plugins/com.st.stm32cube.ide.mcu.externaltools.gnu-tools-for-stm32.14.3.rel1.win32_1.0.100.202602081740/tools/bin/../lib/gcc/arm-none-eabi/14.3.1/../../../../arm-none-eabi/lib/thumb/v7e-m+dp/hard\libm.a
LOAD E:/3rd_Year/MAD/STM32CubeIDE_2.2.0/STM32CubeIDE/plugins/com.st.stm32cube.ide.mcu.externaltools.gnu-tools-for-stm32.14.3.rel1.win32_1.0.100.202602081740/tools/bin/../lib/gcc/arm-none-eabi/14.3.1/thumb/v7e-m+dp/hard\libgcc.a

.debug_info     0x00000000     0xd5df
 .debug_info    0x00000000      0xb47 ./Core/Src/adc.o
 .debug_info    0x00000b47      0x573 ./Core/Src/dma.o
 .debug_info    0x000010ba      0x28d ./Core/Src/gpio.o
 .debug_info    0x00001347     0x15fb ./Core/Src/main.o
 .debug_info    0x00002942      0x28d ./Core/Src/stm32f7xx_hal_msp.o
 .debug_info    0x00002bcf      0x3a9 ./Core/Src/stm32f7xx_it.o
 .debug_info    0x00002f78      0x6ed ./Core/Src/system_stm32f7xx.o
 .debug_info    0x00003665      0xa2e ./Core/Src/tim.o
 .debug_info    0x00004093       0x30 ./Core/Startup/startup_stm32f767zitx.o
 .debug_info    0x000040c3      0xa4c ./Drivers/STM32F7xx_HAL_Driver/Src/stm32f7xx_hal.o
 .debug_info    0x00004b0f      0xc92 ./Drivers/STM32F7xx_HAL_Driver/Src/stm32f7xx_hal_adc.o
 .debug_info    0x000057a1      0xafc ./Drivers/STM32F7xx_HAL_Driver/Src/stm32f7xx_hal_adc_ex.o
 .debug_info    0x0000629d      0xfc0 ./Drivers/STM32F7xx_HAL_Driver/Src/stm32f7xx_hal_cortex.o
 .debug_info    0x0000725d      0x8e7 ./Drivers/STM32F7xx_HAL_Driver/Src/stm32f7xx_hal_dma.o
 .debug_info    0x00007b44      0x6f3 ./Drivers/STM32F7xx_HAL_Driver/Src/stm32f7xx_hal_gpio.o
 .debug_info    0x00008237      0x8cd ./Drivers/STM32F7xx_HAL_Driver/Src/stm32f7xx_hal_pwr_ex.o
 .debug_info    0x00008b04      0x94b ./Drivers/STM32F7xx_HAL_Driver/Src/stm32f7xx_hal_rcc.o
 .debug_info    0x0000944f     0x2ad5 ./Drivers/STM32F7xx_HAL_Driver/Src/stm32f7xx_hal_tim.o
 .debug_info    0x0000bf24     0x16bb ./Drivers/STM32F7xx_HAL_Driver/Src/stm32f7xx_hal_tim_ex.o

.debug_abbrev   0x00000000     0x2509
 .debug_abbrev  0x00000000      0x24b ./Core/Src/adc.o
 .debug_abbrev  0x0000024b      0x10e ./Core/Src/dma.o
 .debug_abbrev  0x00000359       0xd8 ./Core/Src/gpio.o
 .debug_abbrev  0x00000431      0x387 ./Core/Src/main.o
 .debug_abbrev  0x000007b8       0xd8 ./Core/Src/stm32f7xx_hal_msp.o
 .debug_abbrev  0x00000890      0x169 ./Core/Src/stm32f7xx_it.o
 .debug_abbrev  0x000009f9      0x13b ./Core/Src/system_stm32f7xx.o
 .debug_abbrev  0x00000b34      0x1d8 ./Core/Src/tim.o
 .debug_abbrev  0x00000d0c       0x24 ./Core/Startup/startup_stm32f767zitx.o
 .debug_abbrev  0x00000d30      0x213 ./Drivers/STM32F7xx_HAL_Driver/Src/stm32f7xx_hal.o
 .debug_abbrev  0x00000f43      0x252 ./Drivers/STM32F7xx_HAL_Driver/Src/stm32f7xx_hal_adc.o
 .debug_abbrev  0x00001195      0x270 ./Drivers/STM32F7xx_HAL_Driver/Src/stm32f7xx_hal_adc_ex.o
 .debug_abbrev  0x00001405      0x31e ./Drivers/STM32F7xx_HAL_Driver/Src/stm32f7xx_hal_cortex.o
 .debug_abbrev  0x00001723      0x264 ./Drivers/STM32F7xx_HAL_Driver/Src/stm32f7xx_hal_dma.o
 .debug_abbrev  0x00001987      0x1d4 ./Drivers/STM32F7xx_HAL_Driver/Src/stm32f7xx_hal_gpio.o
 .debug_abbrev  0x00001b5b      0x1d5 ./Drivers/STM32F7xx_HAL_Driver/Src/stm32f7xx_hal_pwr_ex.o
 .debug_abbrev  0x00001d30      0x2de ./Drivers/STM32F7xx_HAL_Driver/Src/stm32f7xx_hal_rcc.o
 .debug_abbrev  0x0000200e      0x278 ./Drivers/STM32F7xx_HAL_Driver/Src/stm32f7xx_hal_tim.o
 .debug_abbrev  0x00002286      0x283 ./Drivers/STM32F7xx_HAL_Driver/Src/stm32f7xx_hal_tim_ex.o

.debug_aranges  0x00000000      0xce8
 .debug_aranges
                0x00000000       0x40 ./Core/Src/adc.o
 .debug_aranges
                0x00000040       0x20 ./Core/Src/dma.o
 .debug_aranges
                0x00000060       0x20 ./Core/Src/gpio.o
 .debug_aranges
                0x00000080       0x60 ./Core/Src/main.o
 .debug_aranges
                0x000000e0       0x20 ./Core/Src/stm32f7xx_hal_msp.o
 .debug_aranges
                0x00000100       0x68 ./Core/Src/stm32f7xx_it.o
 .debug_aranges
                0x00000168       0x28 ./Core/Src/system_stm32f7xx.o
 .debug_aranges
                0x00000190       0x30 ./Core/Src/tim.o
 .debug_aranges
                0x000001c0       0x28 ./Core/Startup/startup_stm32f767zitx.o
 .debug_aranges
                0x000001e8      0x110 ./Drivers/STM32F7xx_HAL_Driver/Src/stm32f7xx_hal.o
 .debug_aranges
                0x000002f8       0xe8 ./Drivers/STM32F7xx_HAL_Driver/Src/stm32f7xx_hal_adc.o
 .debug_aranges
                0x000003e0       0x90 ./Drivers/STM32F7xx_HAL_Driver/Src/stm32f7xx_hal_adc_ex.o
 .debug_aranges
                0x00000470      0x128 ./Drivers/STM32F7xx_HAL_Driver/Src/stm32f7xx_hal_cortex.o
 .debug_aranges
                0x00000598       0x90 ./Drivers/STM32F7xx_HAL_Driver/Src/stm32f7xx_hal_dma.o
 .debug_aranges
                0x00000628       0x58 ./Drivers/STM32F7xx_HAL_Driver/Src/stm32f7xx_hal_gpio.o
 .debug_aranges
                0x00000680       0x80 ./Drivers/STM32F7xx_HAL_Driver/Src/stm32f7xx_hal_pwr_ex.o
 .debug_aranges
                0x00000700       0x88 ./Drivers/STM32F7xx_HAL_Driver/Src/stm32f7xx_hal_rcc.o
 .debug_aranges
                0x00000788      0x3e0 ./Drivers/STM32F7xx_HAL_Driver/Src/stm32f7xx_hal_tim.o
 .debug_aranges
                0x00000b68      0x180 ./Drivers/STM32F7xx_HAL_Driver/Src/stm32f7xx_hal_tim_ex.o

.debug_rnglists
                0x00000000      0x9e7
 .debug_rnglists
                0x00000000       0x30 ./Core/Src/adc.o
 .debug_rnglists
                0x00000030       0x13 ./Core/Src/dma.o
 .debug_rnglists
                0x00000043       0x13 ./Core/Src/gpio.o
 .debug_rnglists
                0x00000056       0x46 ./Core/Src/main.o
 .debug_rnglists
                0x0000009c       0x13 ./Core/Src/stm32f7xx_hal_msp.o
 .debug_rnglists
                0x000000af       0x49 ./Core/Src/stm32f7xx_it.o
 .debug_rnglists
                0x000000f8       0x1a ./Core/Src/system_stm32f7xx.o
 .debug_rnglists
                0x00000112       0x20 ./Core/Src/tim.o
 .debug_rnglists
                0x00000132       0x19 ./Core/Startup/startup_stm32f767zitx.o
 .debug_rnglists
                0x0000014b       0xc7 ./Drivers/STM32F7xx_HAL_Driver/Src/stm32f7xx_hal.o
 .debug_rnglists
                0x00000212       0xb5 ./Drivers/STM32F7xx_HAL_Driver/Src/stm32f7xx_hal_adc.o
 .debug_rnglists
                0x000002c7       0x71 ./Drivers/STM32F7xx_HAL_Driver/Src/stm32f7xx_hal_adc_ex.o
 .debug_rnglists
                0x00000338       0xda ./Drivers/STM32F7xx_HAL_Driver/Src/stm32f7xx_hal_cortex.o
 .debug_rnglists
                0x00000412       0x70 ./Drivers/STM32F7xx_HAL_Driver/Src/stm32f7xx_hal_dma.o
 .debug_rnglists
                0x00000482       0x3f ./Drivers/STM32F7xx_HAL_Driver/Src/stm32f7xx_hal_gpio.o
 .debug_rnglists
                0x000004c1       0x5f ./Drivers/STM32F7xx_HAL_Driver/Src/stm32f7xx_hal_pwr_ex.o
 .debug_rnglists
                0x00000520       0x67 ./Drivers/STM32F7xx_HAL_Driver/Src/stm32f7xx_hal_rcc.o
 .debug_rnglists
                0x00000587      0x328 ./Drivers/STM32F7xx_HAL_Driver/Src/stm32f7xx_hal_tim.o
 .debug_rnglists
                0x000008af      0x138 ./Drivers/STM32F7xx_HAL_Driver/Src/stm32f7xx_hal_tim_ex.o

.debug_macro    0x00000000    0x27ef5
 .debug_macro   0x00000000      0x1e3 ./Core/Src/adc.o
 .debug_macro   0x000001e3      0xaf0 ./Core/Src/adc.o
 .debug_macro   0x00000cd3      0x28d ./Core/Src/adc.o
 .debug_macro   0x00000f60       0x2e ./Core/Src/adc.o
 .debug_macro   0x00000f8e       0x3b ./Core/Src/adc.o
 .debug_macro   0x00000fc9       0x22 ./Core/Src/adc.o
 .debug_macro   0x00000feb       0x8e ./Core/Src/adc.o
 .debug_macro   0x00001079       0x51 ./Core/Src/adc.o
 .debug_macro   0x000010ca      0x103 ./Core/Src/adc.o
 .debug_macro   0x000011cd       0x6a ./Core/Src/adc.o
 .debug_macro   0x00001237      0x1df ./Core/Src/adc.o
 .debug_macro   0x00001416       0x1c ./Core/Src/adc.o
 .debug_macro   0x00001432       0x22 ./Core/Src/adc.o
 .debug_macro   0x00001454       0xd9 ./Core/Src/adc.o
 .debug_macro   0x0000152d     0x12cd ./Core/Src/adc.o
 .debug_macro   0x000027fa      0x11f ./Core/Src/adc.o
 .debug_macro   0x00002919       0x19 ./Core/Src/adc.o
 .debug_macro   0x00002932    0x1aa23 ./Core/Src/adc.o
 .debug_macro   0x0001d355       0x6d ./Core/Src/adc.o
 .debug_macro   0x0001d3c2     0x375e ./Core/Src/adc.o
 .debug_macro   0x00020b20      0x190 ./Core/Src/adc.o
 .debug_macro   0x00020cb0       0x63 ./Core/Src/adc.o
 .debug_macro   0x00020d13     0x1add ./Core/Src/adc.o
 .debug_macro   0x000227f0      0x6c4 ./Core/Src/adc.o
 .debug_macro   0x00022eb4      0x18b ./Core/Src/adc.o
 .debug_macro   0x0002303f      0x115 ./Core/Src/adc.o
 .debug_macro   0x00023154      0x26e ./Core/Src/adc.o
 .debug_macro   0x000233c2       0xa5 ./Core/Src/adc.o
 .debug_macro   0x00023467      0x24f ./Core/Src/adc.o
 .debug_macro   0x000236b6       0x71 ./Core/Src/adc.o
 .debug_macro   0x00023727       0x58 ./Core/Src/adc.o
 .debug_macro   0x0002377f      0x236 ./Core/Src/adc.o
 .debug_macro   0x000239b5      0x416 ./Core/Src/adc.o
 .debug_macro   0x00023dcb      0x153 ./Core/Src/adc.o
 .debug_macro   0x00023f1e      0x107 ./Core/Src/adc.o
 .debug_macro   0x00024025      0x14e ./Core/Src/adc.o
 .debug_macro   0x00024173      0x3db ./Core/Src/adc.o
 .debug_macro   0x0002454e       0x12 ./Core/Src/adc.o
 .debug_macro   0x00024560      0x12e ./Core/Src/adc.o
 .debug_macro   0x0002468e      0x108 ./Core/Src/adc.o
 .debug_macro   0x00024796       0x35 ./Core/Src/adc.o
 .debug_macro   0x000247cb      0xa91 ./Core/Src/adc.o
 .debug_macro   0x0002525c       0xa9 ./Core/Src/adc.o
 .debug_macro   0x00025305      0x15b ./Core/Src/adc.o
 .debug_macro   0x00025460      0x1e3 ./Core/Src/dma.o
 .debug_macro   0x00025643      0x1e3 ./Core/Src/gpio.o
 .debug_macro   0x00025826      0x322 ./Core/Src/main.o
 .debug_macro   0x00025b48       0x61 ./Core/Src/main.o
 .debug_macro   0x00025ba9       0x29 ./Core/Src/main.o
 .debug_macro   0x00025bd2       0x43 ./Core/Src/main.o
 .debug_macro   0x00025c15       0x34 ./Core/Src/main.o
 .debug_macro   0x00025c49      0x364 ./Core/Src/main.o
 .debug_macro   0x00025fad       0x16 ./Core/Src/main.o
 .debug_macro   0x00025fc3       0x4a ./Core/Src/main.o
 .debug_macro   0x0002600d       0x34 ./Core/Src/main.o
 .debug_macro   0x00026041       0x10 ./Core/Src/main.o
 .debug_macro   0x00026051       0x58 ./Core/Src/main.o
 .debug_macro   0x000260a9       0x8e ./Core/Src/main.o
 .debug_macro   0x00026137       0x1c ./Core/Src/main.o
 .debug_macro   0x00026153      0x17e ./Core/Src/main.o
 .debug_macro   0x000262d1       0x10 ./Core/Src/main.o
 .debug_macro   0x000262e1       0x3c ./Core/Src/main.o
 .debug_macro   0x0002631d       0x20 ./Core/Src/main.o
 .debug_macro   0x0002633d       0x22 ./Core/Src/main.o
 .debug_macro   0x0002635f       0x1c ./Core/Src/main.o
 .debug_macro   0x0002637b       0x10 ./Core/Src/main.o
 .debug_macro   0x0002638b       0x1c ./Core/Src/main.o
 .debug_macro   0x000263a7       0x16 ./Core/Src/main.o
 .debug_macro   0x000263bd      0x146 ./Core/Src/main.o
 .debug_macro   0x00026503      0x1d9 ./Core/Src/stm32f7xx_hal_msp.o
 .debug_macro   0x000266dc      0x1e3 ./Core/Src/stm32f7xx_it.o
 .debug_macro   0x000268bf      0x1cf ./Core/Src/system_stm32f7xx.o
 .debug_macro   0x00026a8e      0x1e3 ./Core/Src/tim.o
 .debug_macro   0x00026c71      0x1f3 ./Drivers/STM32F7xx_HAL_Driver/Src/stm32f7xx_hal.o
 .debug_macro   0x00026e64      0x1d0 ./Drivers/STM32F7xx_HAL_Driver/Src/stm32f7xx_hal_adc.o
 .debug_macro   0x00027034      0x1cf ./Drivers/STM32F7xx_HAL_Driver/Src/stm32f7xx_hal_adc_ex.o
 .debug_macro   0x00027203      0x1cf ./Drivers/STM32F7xx_HAL_Driver/Src/stm32f7xx_hal_cortex.o
 .debug_macro   0x000273d2      0x1d5 ./Drivers/STM32F7xx_HAL_Driver/Src/stm32f7xx_hal_dma.o
 .debug_macro   0x000275a7      0x1d5 ./Drivers/STM32F7xx_HAL_Driver/Src/stm32f7xx_hal_gpio.o
 .debug_macro   0x0002777c      0x1e7 ./Drivers/STM32F7xx_HAL_Driver/Src/stm32f7xx_hal_pwr_ex.o
 .debug_macro   0x00027963      0x1f3 ./Drivers/STM32F7xx_HAL_Driver/Src/stm32f7xx_hal_rcc.o
 .debug_macro   0x00027b56      0x1d0 ./Drivers/STM32F7xx_HAL_Driver/Src/stm32f7xx_hal_tim.o
 .debug_macro   0x00027d26      0x1cf ./Drivers/STM32F7xx_HAL_Driver/Src/stm32f7xx_hal_tim_ex.o

.debug_line     0x00000000    0x10826
 .debug_line    0x00000000      0x910 ./Core/Src/adc.o
 .debug_line    0x00000910      0x736 ./Core/Src/dma.o
 .debug_line    0x00001046      0x737 ./Core/Src/gpio.o
 .debug_line    0x0000177d      0xc1c ./Core/Src/main.o
 .debug_line    0x00002399      0x73a ./Core/Src/stm32f7xx_hal_msp.o
 .debug_line    0x00002ad3      0x801 ./Core/Src/stm32f7xx_it.o
 .debug_line    0x000032d4      0x7ae ./Core/Src/system_stm32f7xx.o
 .debug_line    0x00003a82      0x7b1 ./Core/Src/tim.o
 .debug_line    0x00004233       0x7a ./Core/Startup/startup_stm32f767zitx.o
 .debug_line    0x000042ad      0xa94 ./Drivers/STM32F7xx_HAL_Driver/Src/stm32f7xx_hal.o
 .debug_line    0x00004d41     0x1226 ./Drivers/STM32F7xx_HAL_Driver/Src/stm32f7xx_hal_adc.o
 .debug_line    0x00005f67      0xe4b ./Drivers/STM32F7xx_HAL_Driver/Src/stm32f7xx_hal_adc_ex.o
 .debug_line    0x00006db2      0xce1 ./Drivers/STM32F7xx_HAL_Driver/Src/stm32f7xx_hal_cortex.o
 .debug_line    0x00007a93      0xfab ./Drivers/STM32F7xx_HAL_Driver/Src/stm32f7xx_hal_dma.o
 .debug_line    0x00008a3e      0xbb8 ./Drivers/STM32F7xx_HAL_Driver/Src/stm32f7xx_hal_gpio.o
 .debug_line    0x000095f6      0xa31 ./Drivers/STM32F7xx_HAL_Driver/Src/stm32f7xx_hal_pwr_ex.o
 .debug_line    0x0000a027      0xf96 ./Drivers/STM32F7xx_HAL_Driver/Src/stm32f7xx_hal_rcc.o
 .debug_line    0x0000afbd     0x3d02 ./Drivers/STM32F7xx_HAL_Driver/Src/stm32f7xx_hal_tim.o
 .debug_line    0x0000ecbf     0x1b67 ./Drivers/STM32F7xx_HAL_Driver/Src/stm32f7xx_hal_tim_ex.o

.debug_str      0x00000000    0xf9782
 .debug_str     0x00000000    0xf9782 ./Core/Src/adc.o
                              0xf2d4a (size before relaxing)
 .debug_str     0x000f9782    0xf2dd0 ./Core/Src/dma.o
 .debug_str     0x000f9782    0xf2762 ./Core/Src/gpio.o
 .debug_str     0x000f9782    0xf6cb8 ./Core/Src/main.o
 .debug_str     0x000f9782    0xf2762 ./Core/Src/stm32f7xx_hal_msp.o
 .debug_str     0x000f9782    0xf2960 ./Core/Src/stm32f7xx_it.o
 .debug_str     0x000f9782    0xf28db ./Core/Src/system_stm32f7xx.o
 .debug_str     0x000f9782    0xf2e5a ./Core/Src/tim.o
 .debug_str     0x000f9782       0x66 ./Core/Startup/startup_stm32f767zitx.o
 .debug_str     0x000f9782    0xf331b ./Drivers/STM32F7xx_HAL_Driver/Src/stm32f7xx_hal.o
 .debug_str     0x000f9782    0xf2ddb ./Drivers/STM32F7xx_HAL_Driver/Src/stm32f7xx_hal_adc.o
 .debug_str     0x000f9782    0xf2e28 ./Drivers/STM32F7xx_HAL_Driver/Src/stm32f7xx_hal_adc_ex.o
 .debug_str     0x000f9782    0xf32fd ./Drivers/STM32F7xx_HAL_Driver/Src/stm32f7xx_hal_cortex.o
 .debug_str     0x000f9782    0xf2c1a ./Drivers/STM32F7xx_HAL_Driver/Src/stm32f7xx_hal_dma.o
 .debug_str     0x000f9782    0xf2999 ./Drivers/STM32F7xx_HAL_Driver/Src/stm32f7xx_hal_gpio.o
 .debug_str     0x000f9782    0xf2b4a ./Drivers/STM32F7xx_HAL_Driver/Src/stm32f7xx_hal_pwr_ex.o
 .debug_str     0x000f9782    0xf2c56 ./Drivers/STM32F7xx_HAL_Driver/Src/stm32f7xx_hal_rcc.o
 .debug_str     0x000f9782    0xf3bfe ./Drivers/STM32F7xx_HAL_Driver/Src/stm32f7xx_hal_tim.o
 .debug_str     0x000f9782    0xf3504 ./Drivers/STM32F7xx_HAL_Driver/Src/stm32f7xx_hal_tim_ex.o

.comment        0x00000000       0x43
 .comment       0x00000000       0x43 ./Core/Src/adc.o
                                 0x44 (size before relaxing)
 .comment       0x00000043       0x44 ./Core/Src/dma.o
 .comment       0x00000043       0x44 ./Core/Src/gpio.o
 .comment       0x00000043       0x44 ./Core/Src/main.o
 .comment       0x00000043       0x44 ./Core/Src/stm32f7xx_hal_msp.o
 .comment       0x00000043       0x44 ./Core/Src/stm32f7xx_it.o
 .comment       0x00000043       0x44 ./Core/Src/system_stm32f7xx.o
 .comment       0x00000043       0x44 ./Core/Src/tim.o
 .comment       0x00000043       0x44 ./Drivers/STM32F7xx_HAL_Driver/Src/stm32f7xx_hal.o
 .comment       0x00000043       0x44 ./Drivers/STM32F7xx_HAL_Driver/Src/stm32f7xx_hal_adc.o
 .comment       0x00000043       0x44 ./Drivers/STM32F7xx_HAL_Driver/Src/stm32f7xx_hal_adc_ex.o
 .comment       0x00000043       0x44 ./Drivers/STM32F7xx_HAL_Driver/Src/stm32f7xx_hal_cortex.o
 .comment       0x00000043       0x44 ./Drivers/STM32F7xx_HAL_Driver/Src/stm32f7xx_hal_dma.o
 .comment       0x00000043       0x44 ./Drivers/STM32F7xx_HAL_Driver/Src/stm32f7xx_hal_gpio.o
 .comment       0x00000043       0x44 ./Drivers/STM32F7xx_HAL_Driver/Src/stm32f7xx_hal_pwr_ex.o
 .comment       0x00000043       0x44 ./Drivers/STM32F7xx_HAL_Driver/Src/stm32f7xx_hal_rcc.o
 .comment       0x00000043       0x44 ./Drivers/STM32F7xx_HAL_Driver/Src/stm32f7xx_hal_tim.o
 .comment       0x00000043       0x44 ./Drivers/STM32F7xx_HAL_Driver/Src/stm32f7xx_hal_tim_ex.o

.debug_frame    0x00000000     0x3204
 .debug_frame   0x00000000       0xc4 ./Core/Src/adc.o
 .debug_frame   0x000000c4       0x34 ./Core/Src/dma.o
 .debug_frame   0x000000f8       0x34 ./Core/Src/gpio.o
 .debug_frame   0x0000012c      0x144 ./Core/Src/main.o
 .debug_frame   0x00000270       0x34 ./Core/Src/stm32f7xx_hal_msp.o
 .debug_frame   0x000002a4      0x114 ./Core/Src/stm32f7xx_it.o
 .debug_frame   0x000003b8       0x50 ./Core/Src/system_stm32f7xx.o
 .debug_frame   0x00000408       0x7c ./Core/Src/tim.o
 .debug_frame   0x00000484      0x38c ./Drivers/STM32F7xx_HAL_Driver/Src/stm32f7xx_hal.o
 .debug_frame   0x00000810      0x3bc ./Drivers/STM32F7xx_HAL_Driver/Src/stm32f7xx_hal_adc.o
 .debug_frame   0x00000bcc      0x22c ./Drivers/STM32F7xx_HAL_Driver/Src/stm32f7xx_hal_adc_ex.o
 .debug_frame   0x00000df8      0x49c ./Drivers/STM32F7xx_HAL_Driver/Src/stm32f7xx_hal_cortex.o
 .debug_frame   0x00001294      0x230 ./Drivers/STM32F7xx_HAL_Driver/Src/stm32f7xx_hal_dma.o
 .debug_frame   0x000014c4      0x130 ./Drivers/STM32F7xx_HAL_Driver/Src/stm32f7xx_hal_gpio.o
 .debug_frame   0x000015f4      0x1ac ./Drivers/STM32F7xx_HAL_Driver/Src/stm32f7xx_hal_pwr_ex.o
 .debug_frame   0x000017a0      0x1e0 ./Drivers/STM32F7xx_HAL_Driver/Src/stm32f7xx_hal_rcc.o
 .debug_frame   0x00001980     0x1144 ./Drivers/STM32F7xx_HAL_Driver/Src/stm32f7xx_hal_tim.o
 .debug_frame   0x00002ac4      0x66c ./Drivers/STM32F7xx_HAL_Driver/Src/stm32f7xx_hal_tim_ex.o
 .debug_frame   0x00003130       0x20 E:/3rd_Year/MAD/STM32CubeIDE_2.2.0/STM32CubeIDE/plugins/com.st.stm32cube.ide.mcu.externaltools.gnu-tools-for-stm32.14.3.rel1.win32_1.0.100.202602081740/tools/bin/../lib/gcc/arm-none-eabi/14.3.1/../../../../arm-none-eabi/lib/thumb/v7e-m+dp/hard\libc_nano.a(libc_a-memset.o)
 .debug_frame   0x00003150       0x2c E:/3rd_Year/MAD/STM32CubeIDE_2.2.0/STM32CubeIDE/plugins/com.st.stm32cube.ide.mcu.externaltools.gnu-tools-for-stm32.14.3.rel1.win32_1.0.100.202602081740/tools/bin/../lib/gcc/arm-none-eabi/14.3.1/../../../../arm-none-eabi/lib/thumb/v7e-m+dp/hard\libc_nano.a(libc_a-init.o)
 .debug_frame   0x0000317c       0x28 E:/3rd_Year/MAD/STM32CubeIDE_2.2.0/STM32CubeIDE/plugins/com.st.stm32cube.ide.mcu.externaltools.gnu-tools-for-stm32.14.3.rel1.win32_1.0.100.202602081740/tools/bin/../lib/gcc/arm-none-eabi/14.3.1/../../../../arm-none-eabi/lib/thumb/v7e-m+dp/hard\libc_nano.a(libc_a-memcpy-stub.o)
 .debug_frame   0x000031a4       0x2c E:/3rd_Year/MAD/STM32CubeIDE_2.2.0/STM32CubeIDE/plugins/com.st.stm32cube.ide.mcu.externaltools.gnu-tools-for-stm32.14.3.rel1.win32_1.0.100.202602081740/tools/bin/../lib/gcc/arm-none-eabi/14.3.1/thumb/v7e-m+dp/hard\libgcc.a(_aeabi_uldivmod.o)
 .debug_frame   0x000031d0       0x34 E:/3rd_Year/MAD/STM32CubeIDE_2.2.0/STM32CubeIDE/plugins/com.st.stm32cube.ide.mcu.externaltools.gnu-tools-for-stm32.14.3.rel1.win32_1.0.100.202602081740/tools/bin/../lib/gcc/arm-none-eabi/14.3.1/thumb/v7e-m+dp/hard\libgcc.a(_udivmoddi4.o)

.debug_line_str
                0x00000000       0x4a
 .debug_line_str
                0x00000000       0x4a ./Core/Startup/startup_stm32f767zitx.o
