../Drivers/CMSIS/Include/core_cm7.h:2229:22:SCB_EnableICache	1
../Drivers/CMSIS/Include/core_cm7.h:2281:22:SCB_EnableDCache	3
../Drivers/CMSIS/Include/core_cm7.h:2464:22:SCB_InvalidateDCache_by_Addr	2
../Core/Src/main.c:291:6:HAL_UART_RxCpltCallback	3
../Core/Src/main.c:300:6:HAL_UART_ErrorCallback	2
../Core/Src/main.c:308:6:USART3_IRQHandler	1
../Core/Src/main.c:310:13:UartPrint	1
../Core/Src/main.c:317:13:UartInputInit	1
../Core/Src/main.c:342:13:OscProcessFrame	10
../Core/Src/main.c:386:13:OscMeasureFrame	21
../Core/Src/main.c:434:13:GenFrame	9
../Core/Src/main.c:474:12:OscSetCount	2
../Core/Src/main.c:479:20:OscSetName	2
../Core/Src/main.c:485:12:OscClampI	3
../Core/Src/main.c:492:14:OscClampF	3
../Core/Src/main.c:499:13:OscSetValueText	8
../Core/Src/main.c:511:13:OscSetIndex	2
../Core/Src/main.c:517:13:OscAdjust	8
../Core/Src/main.c:546:13:UartNum	2
../Core/Src/main.c:592:16:OscWindowHasCycle	7
../Core/Src/main.c:605:14:OscFreqFromWindow	14
../Core/Src/main.c:627:13:OscAutoScale	1
../Core/Src/main.c:637:13:OscAutoScaleStep	17
../Core/Src/main.c:705:13:UartPanel	8
../Core/Src/main.c:759:14:UartArgF	5
../Core/Src/main.c:767:13:UartCommand	58
../Core/Src/main.c:842:13:UartPoll	13
../Core/Src/main.c:913:14:SimNoise	1
../Core/Src/main.c:922:13:SimUpdateMeasure	11
../Core/Src/main.c:953:13:SimSamplingStream	5
../Core/Src/main.c:998:13:GenerateFakeSineWave	3
../Core/Src/main.c:1022:12:FindTrigger	8
../Core/Src/main.c:1043:13:MapToScreen	5
../Core/Src/main.c:1065:13:DrawGrid	3
../Core/Src/main.c:1078:13:DrawLineBresenham	15
../Core/Src/main.c:1118:12:OscCursorX	3
../Core/Src/main.c:1129:13:ClearCursors	8
../Core/Src/main.c:1145:13:DrawCursors	3
../Core/Src/main.c:1163:13:DrawCursor	2
../Core/Src/main.c:1174:13:DrawWaveform	2
../Core/Src/main.c:1202:13:DrawSettingBar	8
../Core/Src/main.c:1222:13:DrawTopPanel	10
../Core/Src/main.c:1317:13:AutoScale	4
../Core/Src/main.c:1343:16:ButtonJustPressed	4
../Core/Src/main.c:1369:16:ButtonLongPress	4
../Core/Src/main.c:1384:13:HandleButtons	6
../Core/Src/main.c:1410:13:DrawFps	1
../Core/Src/main.c:1444:24:AdcMicros	1
../Core/Src/main.c:1449:6:HAL_ADC_MspInit	3
../Core/Src/main.c:1474:6:HAL_ADC_ConvCpltCallback	2
../Core/Src/main.c:1479:6:DMA2_Stream0_IRQHandler	1
../Core/Src/main.c:1482:16:AdcCaptureRaw	6
../Core/Src/main.c:1497:13:AdcInputInit	5
../Core/Src/main.c:1541:13:AdcCaptureFrame	22
../Core/Src/main.c:1614:5:main	21
../Core/Src/main.c:1843:6:SystemClock_Config	3
../Core/Src/main.c:1876:6:Error_Handler	1
