../Drivers/CMSIS/Include/core_cm7.h:2229:22:SCB_EnableICache	4	static,ignoring_inline_asm
../Drivers/CMSIS/Include/core_cm7.h:2281:22:SCB_EnableDCache	24	static,ignoring_inline_asm
../Drivers/CMSIS/Include/core_cm7.h:2464:22:SCB_InvalidateDCache_by_Addr	32	static,ignoring_inline_asm
../Core/Src/main.c:291:6:HAL_UART_RxCpltCallback	24	static
../Core/Src/main.c:300:6:HAL_UART_ErrorCallback	16	static
../Core/Src/main.c:308:6:USART3_IRQHandler	8	static
../Core/Src/main.c:310:13:UartPrint	16	static
../Core/Src/main.c:317:13:UartInputInit	32	static
../Core/Src/main.c:342:13:OscProcessFrame	48	static
../Core/Src/main.c:386:13:OscMeasureFrame	96	static
../Core/Src/main.c:434:13:GenFrame	64	static
../Core/Src/main.c:474:12:OscSetCount	4	static
../Core/Src/main.c:479:20:OscSetName	4	static
../Core/Src/main.c:485:12:OscClampI	24	static
../Core/Src/main.c:492:14:OscClampF	24	static
../Core/Src/main.c:499:13:OscSetValueText	32	static
../Core/Src/main.c:511:13:OscSetIndex	16	static
../Core/Src/main.c:517:13:OscAdjust	24	static
../Core/Src/main.c:546:13:UartNum	88	static
../Core/Src/main.c:592:16:OscWindowHasCycle	32	static
../Core/Src/main.c:605:14:OscFreqFromWindow	56	static
../Core/Src/main.c:627:13:OscAutoScale	8	static
../Core/Src/main.c:637:13:OscAutoScaleStep	120	static
../Core/Src/main.c:705:13:UartPanel	160	static
../Core/Src/main.c:759:14:UartArgF	16	static
../Core/Src/main.c:767:13:UartCommand	48	static
../Core/Src/main.c:842:13:UartPoll	16	static
../Core/Src/main.c:913:14:SimNoise	4	static
../Core/Src/main.c:922:13:SimUpdateMeasure	88	static
../Core/Src/main.c:953:13:SimSamplingStream	72	static
../Core/Src/main.c:998:13:GenerateFakeSineWave	24	static
../Core/Src/main.c:1022:12:FindTrigger	24	static
../Core/Src/main.c:1043:13:MapToScreen	32	static
../Core/Src/main.c:1065:13:DrawGrid	16	static
../Core/Src/main.c:1078:13:DrawLineBresenham	56	static
../Core/Src/main.c:1118:12:OscCursorX	16	static
../Core/Src/main.c:1129:13:ClearCursors	24	static
../Core/Src/main.c:1145:13:DrawCursors	16	static
../Core/Src/main.c:1163:13:DrawCursor	16	static
../Core/Src/main.c:1174:13:DrawWaveform	32	static
../Core/Src/main.c:1202:13:DrawSettingBar	64	static
../Core/Src/main.c:1222:13:DrawTopPanel	48	static
../Core/Src/main.c:1317:13:AutoScale	24	static
../Core/Src/main.c:1343:16:ButtonJustPressed	24	static
../Core/Src/main.c:1369:16:ButtonLongPress	16	static
../Core/Src/main.c:1384:13:HandleButtons	16	static
../Core/Src/main.c:1410:13:DrawFps	40	static
../Core/Src/main.c:1444:24:AdcMicros	16	static
../Core/Src/main.c:1449:6:HAL_ADC_MspInit	48	static
../Core/Src/main.c:1474:6:HAL_ADC_ConvCpltCallback	16	static
../Core/Src/main.c:1479:6:DMA2_Stream0_IRQHandler	8	static
../Core/Src/main.c:1482:16:AdcCaptureRaw	24	static
../Core/Src/main.c:1497:13:AdcInputInit	32	static
../Core/Src/main.c:1541:13:AdcCaptureFrame	64	static
../Core/Src/main.c:1614:5:main	184	static
../Core/Src/main.c:1843:6:SystemClock_Config	88	static
../Core/Src/main.c:1876:6:Error_Handler	4	static,ignoring_inline_asm
